// Jest Snapshot v1, https://goo.gl/fbAQLP

exports[`should render Login component correctly 1`] = `ReactWrapper {}`;
